[dotenv@17.2.3] injecting env (4) from .env -- tip: ≡ƒæÑ sync secrets across teammates & machines: https://dotenvx.com/ops
Connecting to MongoDB...
MongoDB Connected!
Found user: new ObjectId('693ec4e95ac6e384c58d9177') API Test User apitest1765721321078@example.com
Attempting to save contact...
Contact object before save: {
  "userId": "693ec4e95ac6e384c58d9177",
  "name": "Test Contact",
  "phone": "1234567890",
  "email": "test@example.com",
  "relationship": "Friend",
  "isPrimary": false,
  "_id": "6942d994f7d7d959dbc767ca",
  "createdAt": "2025-12-17T16:25:56.582Z",
  "updatedAt": "2025-12-17T16:25:56.582Z"
}
node : Error saving contact:
At line:1 char:1
+ node test-contact-db.js > test-output.txt 2>&1
+ ~~~~~~~~~~~~~~~~~~~~~~~~~~~~~~~~~~~~~~~~~~~~~~
    + CategoryInfo          : NotSpecified: (Erro 
   r saving contact::String) [], RemoteException
    + FullyQualifiedErrorId : NativeCommandError
 
Name: TypeError
Message: next is not a function
Stack: TypeError: next is not a function
    at model.<anonymous> (C:\Users\dibya\OneDrive\
Desktop\GuardianSOS\backend\models\EmergencyContac
t.js:46:5)
    at Kareem.execPre (C:\Users\dibya\OneDrive\Des
ktop\GuardianSOS\node_modules\kareem\index.js:63:3
9)
    at process.processTicksAndRejections 
(node:internal/process/task_queues:105:5)
    at async model.$__save (C:\Users\dibya\OneDriv
e\Desktop\GuardianSOS\node_modules\mongoose\lib\mo
del.js:369:5)
    at async model.save (C:\Users\dibya\OneDrive\D
esktop\GuardianSOS\node_modules\mongoose\lib\model
.js:609:5)
    at async testContactCreation (C:\Users\dibya\O
neDrive\Desktop\GuardianSOS\test-contact-db.js:36:
34)
Error during test:
Name: TypeError
Message: next is not a function
Stack: TypeError: next is not a function
    at model.<anonymous> (C:\Users\dibya\OneDrive\
Desktop\GuardianSOS\backend\models\EmergencyContac
t.js:46:5)
    at Kareem.execPre (C:\Users\dibya\OneDrive\Des
ktop\GuardianSOS\node_modules\kareem\index.js:63:3
9)
    at process.processTicksAndRejections 
(node:internal/process/task_queues:105:5)
    at async model.$__save (C:\Users\dibya\OneDriv
e\Desktop\GuardianSOS\node_modules\mongoose\lib\mo
del.js:369:5)
    at async model.save (C:\Users\dibya\OneDrive\D
esktop\GuardianSOS\node_modules\mongoose\lib\model
.js:609:5)
    at async testContactCreation (C:\Users\dibya\O
neDrive\Desktop\GuardianSOS\test-contact-db.js:36:
34)
